// Jest Snapshot v1, https://goo.gl/fbAQLP

exports[`Button to match snapshot 1`] = `
<DocumentFragment>
  <button
    class="btn-colored btn btn-secondary btn-block"
  >
    Button name
  </button>
</DocumentFragment>
`;
