// Jest Snapshot v1, https://goo.gl/fbAQLP

exports[`Copyright to match snapshot 1`] = `
<DocumentFragment>
  <p
    class="m-0 common-footer-copyright"
  >
    <small
      class="d-flex align-items-center justify-content-center"
    >
      Â©2009 Shifter | A Product by 
      <a
        href="https://www.digitalcube.jp/"
        rel="nofollow noopener"
        title="DigitalCube"
      >
        <img
          alt="digitalcube"
          class="d-block"
          height="15"
          width="77"
        />
      </a>
    </small>
  </p>
</DocumentFragment>
`;
