// Jest Snapshot v1, https://goo.gl/fbAQLP

exports[`Footer to match snapshot 1`] = `
<DocumentFragment>
  <footer
    class="common-footer d-flex justify-content-around align-items-center"
  >
    <div
      class="d-flex"
    />
    <p
      class="m-0 common-footer-copyright"
    >
      <small
        class="d-flex align-items-center justify-content-center"
      >
        Â©2022 shifter | A Product by 
        <a
          href="https://www.digitalcube.jp/"
          rel="nofollow noopener"
          title="DigitalCube"
        >
          <img
            alt="digitalcube"
            class="d-block"
            height="15"
            width="77"
          />
        </a>
      </small>
    </p>
    <div />
  </footer>
</DocumentFragment>
`;
