// Jest Snapshot v1, https://goo.gl/fbAQLP

exports[`ListItem to match snapshot(default) 1`] = `
<DocumentFragment>
  <div
    class="shifter-dashboard-columns pt-3"
  >
    <div
      class="base-notification-box rounded"
    >
      <div
        class="notification d-flex px-4 py-3 align-items-center justify-content-between"
      >
        <div
          class="notification-status"
        >
          Title 
        </div>
        children
      </div>
    </div>
  </div>
</DocumentFragment>
`;
