// Jest Snapshot v1, https://goo.gl/fbAQLP

exports[`Accordion to match snapshot(default) 1`] = `
<DocumentFragment>
  <div
    class="accordion border rounded px-3 py-1 accordion-open"
  >
    <button
      class="d-flex justify-content-between align-items-center py-0 px-0 bg-transparent border-0 btn btn-secondary"
      type="button"
    >
      <span
        class="accordion-title font-weight-bold text-body"
      >
        ここにタイトルが入ります
      </span>
      <span
        class="h4 mb-0"
      >
        <svg
          class="d-block"
          fill="currentColor"
          height="1em"
          stroke="currentColor"
          stroke-width="0"
          viewBox="0 0 320 512"
          width="1em"
          xmlns="http://www.w3.org/2000/svg"
        >
          <path
            d="M143 352.3L7 216.3c-9.4-9.4-9.4-24.6 0-33.9l22.6-22.6c9.4-9.4 24.6-9.4 33.9 0l96.4 96.4 96.4-96.4c9.4-9.4 24.6-9.4 33.9 0l22.6 22.6c9.4 9.4 9.4 24.6 0 33.9l-136 136c-9.2 9.4-24.4 9.4-33.8 0z"
          />
        </svg>
      </span>
    </button>
    <div
      class="accordion-body collapse"
    >
      ここに中身が入ります。
    </div>
  </div>
</DocumentFragment>
`;
