// Jest Snapshot v1, https://goo.gl/fbAQLP

exports[`AuthFormHeader to match snapshot 1`] = `
<DocumentFragment>
  <div
    class="mb-4 pb-2 login-header"
  >
    <div
      class="mb-4 text-center login-icon"
    >
      <img
        alt="Shifter"
        height="46"
        width="36"
      />
    </div>
    <h1
      class="mb-0 font-weight-bold text-center login-title"
    >
      Log In
    </h1>
    <div
      class="mt-2 font-weight-bold text-center login-switch-way"
    >
      or 
      <a
        href="/signup"
        to="/signup"
      >
        sign up
      </a>
    </div>
  </div>
</DocumentFragment>
`;
