// Jest Snapshot v1, https://goo.gl/fbAQLP

exports[`Loading to match snapshot (hidden) 1`] = `<DocumentFragment />`;

exports[`Loading to match snapshot (open) 1`] = `
<DocumentFragment>
  <div
    class="mr-2 spinner-border"
    role="status"
  >
    <span
      class="sr-only"
    >
      Loading...
    </span>
  </div>
  Loading...
</DocumentFragment>
`;
